// Jest Snapshot v1, https://goo.gl/fbAQLP

exports[`renders with 1 level of tags 1`] = `
<button
  className="MuiButtonBase-root-22 MuiButton-root-6 MuiButton-colorInherit-11 NavigationItemDesktop-primaryNavItem-5"
  disabled={false}
  onBlur={[Function]}
  onClick={[Function]}
  onFocus={[Function]}
  onKeyDown={[Function]}
  onKeyUp={[Function]}
  onMouseDown={[Function]}
  onMouseLeave={[Function]}
  onMouseUp={[Function]}
  onTouchEnd={[Function]}
  onTouchMove={[Function]}
  onTouchStart={[Function]}
  tabIndex="0"
  type="button"
>
  <span
    className="MuiButton-label-7"
  />
  <span
    className="MuiTouchRipple-root-25"
  />
</button>
`;

exports[`renders with 2 levels of tags 1`] = `
<button
  className="MuiButtonBase-root-22 MuiButton-root-6 MuiButton-colorInherit-11 NavigationItemDesktop-primaryNavItem-5"
  disabled={false}
  onBlur={[Function]}
  onClick={[Function]}
  onFocus={[Function]}
  onKeyDown={[Function]}
  onKeyUp={[Function]}
  onMouseDown={[Function]}
  onMouseLeave={[Function]}
  onMouseUp={[Function]}
  onTouchEnd={[Function]}
  onTouchMove={[Function]}
  onTouchStart={[Function]}
  tabIndex="0"
  type="button"
>
  <span
    className="MuiButton-label-7"
  />
  <span
    className="MuiTouchRipple-root-25"
  />
</button>
`;

exports[`renders with 3 levels of tags 1`] = `
<button
  className="MuiButtonBase-root-22 MuiButton-root-6 MuiButton-colorInherit-11 NavigationItemDesktop-primaryNavItem-5"
  disabled={false}
  onBlur={[Function]}
  onClick={[Function]}
  onFocus={[Function]}
  onKeyDown={[Function]}
  onKeyUp={[Function]}
  onMouseDown={[Function]}
  onMouseLeave={[Function]}
  onMouseUp={[Function]}
  onTouchEnd={[Function]}
  onTouchMove={[Function]}
  onTouchStart={[Function]}
  tabIndex="0"
  type="button"
>
  <span
    className="MuiButton-label-7"
  />
  <span
    className="MuiTouchRipple-root-25"
  />
</button>
`;
