// Jest Snapshot v1, https://goo.gl/fbAQLP

exports[`basic snapshot 1`] = `
<div
  className="VariantList-variantsContainer-1"
>
  <div
    className="VariantList-variantItem-2"
  >
    <button
      className="MuiButtonBase-root-6 VariantItem-variantButton-4 VariantItem-activeVariant-5"
      disabled={undefined}
      onBlur={[Function]}
      onClick={[Function]}
      onFocus={[Function]}
      onKeyDown={[Function]}
      onKeyUp={[Function]}
      onMouseDown={[Function]}
      onMouseLeave={[Function]}
      onMouseUp={[Function]}
      onTouchEnd={[Function]}
      onTouchMove={[Function]}
      onTouchStart={[Function]}
      tabIndex="0"
      type="button"
    >
      <span
        className="MuiTypography-root-9 MuiTypography-body1-18"
      >
        Sample Variant
      </span>
      <span
        className="MuiTypography-root-9 MuiTypography-body1-18"
      />
    </button>
    <div
      className="VariantList-alert-3"
    >
      <div
        className="Badge-badge-33 Badge-status-35 Badge-soldOut-36"
      >
        <span
          className="Badge-labelStyle-34"
        >
          Sold Out
        </span>
      </div>
    </div>
  </div>
  <div
    className="VariantList-variantItem-2"
  >
    <button
      className="MuiButtonBase-root-6 VariantItem-variantButton-4"
      disabled={undefined}
      onBlur={[Function]}
      onClick={[Function]}
      onFocus={[Function]}
      onKeyDown={[Function]}
      onKeyUp={[Function]}
      onMouseDown={[Function]}
      onMouseLeave={[Function]}
      onMouseUp={[Function]}
      onTouchEnd={[Function]}
      onTouchMove={[Function]}
      onTouchStart={[Function]}
      tabIndex="0"
      type="button"
    >
      <span
        className="MuiTypography-root-9 MuiTypography-body1-18"
      >
        Sample Variant 2
      </span>
      <span
        className="MuiTypography-root-9 MuiTypography-body1-18"
      />
    </button>
  </div>
  <div
    className="Divider-container-42"
  >
    <hr
      className="Divider-item-44"
    />
    <span
      className="MuiTypography-root-9 MuiTypography-body1-18 Divider-label-43"
    >
      Available Options
    </span>
    <hr
      className="Divider-item-44"
    />
  </div>
  <div
    className="MuiGrid-container-48 MuiGrid-spacing-xs-8-69 OptionsList-root-45"
  >
    <div
      className="MuiGrid-item-49"
    >
      <button
        className="MuiButtonBase-root-6 ProductDetailOption-optionButton-138"
        disabled={undefined}
        onBlur={[Function]}
        onClick={[Function]}
        onFocus={[Function]}
        onKeyDown={[Function]}
        onKeyUp={[Function]}
        onMouseDown={[Function]}
        onMouseLeave={[Function]}
        onMouseUp={[Function]}
        onTouchEnd={[Function]}
        onTouchMove={[Function]}
        onTouchStart={[Function]}
        tabIndex="0"
        type="button"
      >
        <span
          className="MuiTypography-root-9 MuiTypography-body1-18 ProductDetailOption-optionText-139"
        >
          Red
        </span>
      </button>
      <div
        className="OptionsList-alert-46"
      >
        <div
          className="Badge-badge-33 Badge-backorder-37 Badge-status-35 OptionsList-badge-47"
        >
          <span
            className="Badge-labelStyle-34"
          >
            Backorder
          </span>
        </div>
      </div>
    </div>
    <div
      className="MuiGrid-item-49"
    >
      <button
        className="MuiButtonBase-root-6 ProductDetailOption-optionButton-138"
        disabled={undefined}
        onBlur={[Function]}
        onClick={[Function]}
        onFocus={[Function]}
        onKeyDown={[Function]}
        onKeyUp={[Function]}
        onMouseDown={[Function]}
        onMouseLeave={[Function]}
        onMouseUp={[Function]}
        onTouchEnd={[Function]}
        onTouchMove={[Function]}
        onTouchStart={[Function]}
        tabIndex="0"
        type="button"
      >
        <span
          className="MuiTypography-root-9 MuiTypography-body1-18 ProductDetailOption-optionText-139"
        >
          Green
        </span>
      </button>
    </div>
  </div>
</div>
`;
