// Jest Snapshot v1, https://goo.gl/fbAQLP

exports[`basic snapshot 1`] = `
<button
  className="MuiButtonBase-root-4 SkVariantItem-variantButton-1 SkVariantItem-activeVariant-2"
  onBlur={[Function]}
  onClick={[Function]}
  onContextMenu={[Function]}
  onFocus={[Function]}
  onKeyDown={[Function]}
  onKeyUp={[Function]}
  onMouseDown={[Function]}
  onMouseLeave={[Function]}
  onMouseUp={[Function]}
  onTouchEnd={[Function]}
  onTouchMove={[Function]}
  onTouchStart={[Function]}
  tabIndex="0"
  type="button"
>
  <span
    className="MuiTypography-root-7 MuiTypography-body1-16"
  >
    Sample Variant
  </span>
  <span
    className="MuiTypography-root-7 MuiTypography-body1-16"
  >
    $12.99 - $19.99
  </span>
</button>
`;
