// Jest Snapshot v1, https://goo.gl/fbAQLP

exports[`basic snapshot 1`] = `
<section>
  <h2
    className="MuiTypography-root-3 MuiTypography-title-9 TagGrid-title-1"
  >
    Tags
  </h2>
  <div
    className="MuiGrid-container-27 MuiGrid-spacing-xs-8-49"
  >
    <div
      className="MuiGrid-item-28"
    >
      <a
        className="WithTracking-Link--link-124"
        href="/tag/shoes"
        onClick={[Function]}
        onKeyDown={[Function]}
        role="link"
        tabIndex={0}
        tracking={
          Object {
            "getTrackingData": [Function],
            "trackEvent": [Function],
          }
        }
      >
        <div
          className="MuiChip-root-125 TagGrid-chip-2"
          onClick={undefined}
          onKeyDown={[Function]}
          role="button"
          tabIndex={-1}
        >
          <span
            className="MuiChip-label-130"
          >
            Shoes
          </span>
        </div>
      </a>
    </div>
    <div
      className="MuiGrid-item-28"
    >
      <a
        className="WithTracking-Link--link-124"
        href="/tag/shop"
        onClick={[Function]}
        onKeyDown={[Function]}
        role="link"
        tabIndex={0}
        tracking={
          Object {
            "getTrackingData": [Function],
            "trackEvent": [Function],
          }
        }
      >
        <div
          className="MuiChip-root-125 TagGrid-chip-2"
          onClick={undefined}
          onKeyDown={[Function]}
          role="button"
          tabIndex={-1}
        >
          <span
            className="MuiChip-label-130"
          >
            Shop
          </span>
        </div>
      </a>
    </div>
  </div>
</section>
`;
