// Jest Snapshot v1, https://goo.gl/fbAQLP

exports[`basic snapshot 1`] = `
Array [
  .c0 {
  position: relative;
  -webkit-align-items: flex-start;
  -webkit-box-align: flex-start;
  -ms-flex-align: flex-start;
  align-items: flex-start;
  border-bottom-color: #f5f5f5;
  border-bottom-style: solid;
  border-bottom-width: 1px;
  border-left-color: #f5f5f5;
  border-left-style: solid;
  border-left-width: 0;
  border-right-color: #f5f5f5;
  border-right-style: solid;
  border-right-width: 0;
  border-top-color: #f5f5f5;
  border-top-style: solid;
  border-top-width: 0;
  box-sizing: border-box;
  display: -webkit-box;
  display: -webkit-flex;
  display: -ms-flexbox;
  display: flex;
  padding-bottom: 16px;
  padding-left: 0;
  padding-right: 0;
  padding-top: 16px;
  width: 100%;
}

.c0:first-of-type {
  border-top: none;
}

.c0:last-of-type {
  border-bottom: none;
}

.c0 > * {
  box-sizing: border-box;
}

.c1 {
  display: -webkit-box;
  display: -webkit-flex;
  display: -ms-flexbox;
  display: flex;
  margin-left: 16px;
  position: relative;
  width: 100%;
}

.c2 {
  display: -webkit-box;
  display: -webkit-flex;
  display: -ms-flexbox;
  display: flex;
  -webkit-flex: 1 1 auto;
  -ms-flex: 1 1 auto;
  flex: 1 1 auto;
  -webkit-flex-wrap: wrap;
  -ms-flex-wrap: wrap;
  flex-wrap: wrap;
}

.c3 {
  display: -webkit-box;
  display: -webkit-flex;
  display: -ms-flexbox;
  display: flex;
  -webkit-flex: 1 1 100%;
  -ms-flex: 1 1 100%;
  flex: 1 1 100%;
  -webkit-flex-wrap: wrap;
  -ms-flex-wrap: wrap;
  flex-wrap: wrap;
}

.c4 {
  -webkit-flex: 1 1 100%;
  -ms-flex: 1 1 100%;
  flex: 1 1 100%;
}

.c11 {
  position: initial;
  bottom: 16px;
  right: 0;
  text-align: right;
}

.c14 {
  position: absolute;
  margin-top: 10px;
  bottom: 16px;
  right: 0;
  text-align: right;
}

.c15 {
  -webkit-font-smoothing: antialiased;
  color: #505558;
  font-family: 'Source Sans Pro','Helvetica Neue',Helvetica,sans-serif;
  font-size: 14px;
  font-style: normal;
  font-stretch: normal;
  font-weight: 400;
  -webkit-letter-spacing: .02em;
  -moz-letter-spacing: .02em;
  -ms-letter-spacing: .02em;
  letter-spacing: .02em;
  line-height: 1.25;
  white-space: pre;
}

.c16 {
  -webkit-font-smoothing: antialiased;
  color: #3c3c3c;
  font-family: 'Source Sans Pro','Helvetica Neue',Helvetica,sans-serif;
  font-size: 16px;
  font-style: normal;
  font-stretch: normal;
  font-weight: 600;
  -webkit-letter-spacing: .03em;
  -moz-letter-spacing: .03em;
  -ms-letter-spacing: .03em;
  letter-spacing: .03em;
  line-height: 1.5;
}

.c5 {
  -webkit-flex: 0 0 fit;
  -ms-flex: 0 0 fit;
  flex: 0 0 fit;
}

.c6 {
  -webkit-font-smoothing: antialiased;
  color: #505558;
  font-family: 'Source Sans Pro','Helvetica Neue',Helvetica,sans-serif;
  font-size: 16px;
  font-style: normal;
  font-stretch: normal;
  font-weight: 700;
  -webkit-letter-spacing: .03em;
  -moz-letter-spacing: .03em;
  -ms-letter-spacing: .03em;
  letter-spacing: .03em;
  line-height: 1;
  margin-top: 0;
  margin-bottom: 10px;
  margin-left: 0;
  margin-right: 0;
}

.c6 a {
  -webkit-font-smoothing: antialiased;
  color: #505558;
  font-family: 'Source Sans Pro','Helvetica Neue',Helvetica,sans-serif;
  font-size: 16px;
  font-style: normal;
  font-stretch: normal;
  font-weight: 700;
  -webkit-letter-spacing: .03em;
  -moz-letter-spacing: .03em;
  -ms-letter-spacing: .03em;
  letter-spacing: .03em;
  line-height: 1;
  -webkit-text-decoration: none;
  text-decoration: none;
}

.c6 a:focus,
.c6 a:hover {
  color: #5d8ea9;
}

.c8 {
  -webkit-font-smoothing: antialiased;
  color: #595959;
  font-family: 'Source Sans Pro','Helvetica Neue',Helvetica,sans-serif;
  font-size: 14px;
  font-style: normal;
  font-stretch: normal;
  font-weight: 400;
  -webkit-letter-spacing: .02em;
  -moz-letter-spacing: .02em;
  -ms-letter-spacing: .02em;
  letter-spacing: .02em;
  line-height: 1.25;
  margin: 0;
}

.c7 {
  margin-bottom: 0.5rem;
}

.c9 {
  -webkit-font-smoothing: antialiased;
  color: #595959;
  font-family: 'Source Sans Pro','Helvetica Neue',Helvetica,sans-serif;
  font-size: 14px;
  font-style: normal;
  font-stretch: normal;
  font-weight: 400;
  -webkit-letter-spacing: .02em;
  -moz-letter-spacing: .02em;
  -ms-letter-spacing: .02em;
  letter-spacing: .02em;
  line-height: 1.25;
  margin: 0;
}

.c13 {
  -webkit-font-smoothing: antialiased;
  color: #505558;
  font-family: 'Source Sans Pro','Helvetica Neue',Helvetica,sans-serif;
  font-size: 14px;
  font-style: normal;
  font-stretch: normal;
  font-weight: 400;
  -webkit-letter-spacing: .02em;
  -moz-letter-spacing: .02em;
  -ms-letter-spacing: .02em;
  letter-spacing: .02em;
  line-height: 1.25;
}

.c12 {
  -webkit-font-smoothing: antialiased;
  color: #bfbfbf;
  font-family: 'Source Sans Pro','Helvetica Neue',Helvetica,sans-serif;
  font-size: 14px;
  font-style: normal;
  font-stretch: normal;
  font-weight: 400;
  -webkit-letter-spacing: .02em;
  -moz-letter-spacing: .02em;
  -ms-letter-spacing: .02em;
  letter-spacing: .02em;
  line-height: 1.25;
  display: block;
}

.c10 {
  -webkit-font-smoothing: antialiased;
  color: #cd3f4c;
  font-family: 'Source Sans Pro','Helvetica Neue',Helvetica,sans-serif;
  font-size: 14px;
  font-style: normal;
  font-stretch: normal;
  font-weight: 400;
  -webkit-letter-spacing: .02em;
  -moz-letter-spacing: .02em;
  -ms-letter-spacing: .02em;
  letter-spacing: .02em;
  line-height: 1.25;
}

@media (min-width:992px) {
  .c4 {
    -webkit-flex: 1 1 100%;
    -ms-flex: 1 1 100%;
    flex: 1 1 100%;
  }
}

@media (max-width:768px) {
  .c11 {
    position: absolute;
  }
}

@media (min-width:768px) {
  .c11 {
    margin-left: 1.5rem;
  }
}

@media (max-width:768px) {
  .c14 {
    position: initial;
    margin-top: 10px;
  }
}

<section
    className="SkOrderFulfillmentGroup-fulfillmentGroup-1"
  >
    <header
      className="SkOrderFulfillmentGroup-header-3"
    >
      <div
        className="MuiGrid-container-7 MuiGrid-spacing-xs-24-31"
      >
        <div
          className="MuiGrid-item-8 MuiGrid-grid-xs-6-41"
        >
          <h6
            className="MuiTypography-root-104 MuiTypography-subtitle1-122 SkOrderFulfillmentGroup-subtitle2-6"
          >
            Free Shipping
          </h6>
        </div>
        <div
          className="MuiGrid-item-8 MuiGrid-grid-xs-6-41 SkOrderFulfillmentGroup-headerRightColumn-4"
        >
          <p
            className="MuiTypography-root-104 MuiTypography-body2-112"
          >
            Ground
          </p>
        </div>
      </div>
    </header>
    <div
      className="SkOrderFulfillmentGroup-fulfillmentDetails-2"
    >
      <div
        className="MuiGrid-item-8 MuiGrid-grid-xs-12-47"
      >
        <div
          className=""
        >
          <div
            className="c0"
          >
            <a
              href="/product/product-slug"
            >
              <picture>
                
                <img
                  alt=""
                  src="//placehold.it/100"
                  style={
                    Object {
                      "display": "block",
                    }
                  }
                />
              </picture>
            </a>
            <div
              className="c1"
            >
              <div
                className="c2"
              >
                <div
                  className="c3"
                >
                  <div
                    className="c4"
                  >
                    <div
                      className="c5"
                    >
                      <h3
                        className="c6"
                      >
                        <a
                          href="/product/product-slug"
                        >
                          A Great Product
                        </a>
                      </h3>
                      <div
                        className="c7"
                      >
                        <p
                          className="c8"
                        >
                          Patagonia
                        </p>
                        <p
                          className="c9"
                        >
                          Red, Medium
                        </p>
                        <p
                          className="c8"
                        >
                          Quantity: 
                          2
                        </p>
                      </div>
                    </div>
                    <div
                      className="c10"
                    >
                      Only 
                      3
                       in stock
                    </div>
                  </div>
                </div>
              </div>
            </div>
            <div
              className="c11"
            >
              <div>
                
                <del
                  className="c12"
                >
                  $45.00
                </del>
                <div
                  className="c13"
                >
                  $20.00
                </div>
              </div>
              <div
                className="c14"
              >
                <div
                  className="c15"
                >
                  Total (
                  2
                  ):
                </div>
                <div
                  className="c16"
                />
              </div>
            </div>
          </div>
          <div
            className="c0"
          >
            <a
              href="/product/product-slug"
            >
              <picture>
                
                <img
                  alt=""
                  src="//placehold.it/100"
                  style={
                    Object {
                      "display": "block",
                    }
                  }
                />
              </picture>
            </a>
            <div
              className="c1"
            >
              <div
                className="c2"
              >
                <div
                  className="c3"
                >
                  <div
                    className="c4"
                  >
                    <div
                      className="c5"
                    >
                      <h3
                        className="c6"
                      >
                        <a
                          href="/product/product-slug"
                        >
                          Another Great Product
                        </a>
                      </h3>
                      <div
                        className="c7"
                      >
                        <p
                          className="c8"
                        >
                          Nike
                        </p>
                        <p
                          className="c9"
                        >
                          Black, 10
                        </p>
                        <p
                          className="c8"
                        >
                          Quantity: 
                          1
                        </p>
                      </div>
                    </div>
                  </div>
                </div>
              </div>
            </div>
            <div
              className="c11"
            >
              <div>
                
                <div
                  className="c13"
                >
                  $78.00
                </div>
              </div>
            </div>
          </div>
        </div>
      </div>
    </div>
  </section>,
  .c1 {
  width: 100%;
  border-spacing: 0;
  background-color: transparent;
  padding-left: 0;
  padding-right: 0;
  padding-top: 0;
  padding-bottom: 0;
}

.c2 {
  -webkit-font-smoothing: antialiased;
  color: #3c3c3c;
  font-family: 'Source Sans Pro','Helvetica Neue',Helvetica,sans-serif;
  font-size: 14px;
  font-style: normal;
  font-stretch: normal;
  font-weight: 400;
  -webkit-letter-spacing: .02em;
  -moz-letter-spacing: .02em;
  -ms-letter-spacing: .02em;
  letter-spacing: .02em;
  line-height: 1;
  border-top-color: #e6e6e6;
  border-top-style: solid;
  border-top-width: 0;
  padding-bottom: 8px;
  padding-left: 0;
  padding-right: 0;
  padding-top: 8px;
  text-align: left;
}

.c8 {
  -webkit-font-smoothing: antialiased;
  color: #3c3c3c;
  font-family: 'Source Sans Pro','Helvetica Neue',Helvetica,sans-serif;
  font-size: 14px;
  font-style: normal;
  font-stretch: normal;
  font-weight: 400;
  -webkit-letter-spacing: .02em;
  -moz-letter-spacing: .02em;
  -ms-letter-spacing: .02em;
  letter-spacing: .02em;
  line-height: 1;
  border-top-color: #e6e6e6;
  border-top-style: solid;
  border-top-width: 1px;
  padding-bottom: 8px;
  padding-left: 0;
  padding-right: 0;
  padding-top: 8px;
  text-align: left;
}

.c3 {
  -webkit-font-smoothing: antialiased;
  color: #3c3c3c;
  font-family: 'Source Sans Pro','Helvetica Neue',Helvetica,sans-serif;
  font-size: 14px;
  font-style: normal;
  font-stretch: normal;
  font-weight: 400;
  -webkit-letter-spacing: .02em;
  -moz-letter-spacing: .02em;
  -ms-letter-spacing: .02em;
  letter-spacing: .02em;
  line-height: 1;
  text-align: right;
}

.c4 {
  -webkit-font-smoothing: antialiased;
  color: #3c3c3c;
  font-family: 'Source Sans Pro','Helvetica Neue',Helvetica,sans-serif;
  font-size: 14px;
  font-style: normal;
  font-stretch: normal;
  font-weight: 400;
  -webkit-letter-spacing: .02em;
  -moz-letter-spacing: .02em;
  -ms-letter-spacing: .02em;
  letter-spacing: .02em;
  line-height: 1;
  border-top-color: #e6e6e6;
  border-top-style: solid;
  border-top-width: 0;
  padding-bottom: 16px;
  padding-left: 0;
  padding-right: 0;
  padding-top: 8px;
  text-align: left;
}

.c5 {
  -webkit-font-smoothing: antialiased;
  color: #3c3c3c;
  font-family: 'Source Sans Pro','Helvetica Neue',Helvetica,sans-serif;
  font-size: 14px;
  font-style: normal;
  font-stretch: normal;
  font-weight: 400;
  -webkit-letter-spacing: .02em;
  -moz-letter-spacing: .02em;
  -ms-letter-spacing: .02em;
  letter-spacing: .02em;
  line-height: 1;
  padding-bottom: 16px;
  text-align: right;
}

.c6 {
  -webkit-font-smoothing: antialiased;
  color: #3c3c3c;
  font-family: 'Source Sans Pro','Helvetica Neue',Helvetica,sans-serif;
  font-size: 14px;
  font-style: normal;
  font-stretch: normal;
  font-weight: 400;
  -webkit-letter-spacing: .02em;
  -moz-letter-spacing: .02em;
  -ms-letter-spacing: .02em;
  letter-spacing: .02em;
  line-height: 1;
  border-top-color: #e6e6e6;
  border-top-style: solid;
  border-top-width: 1px;
  padding-bottom: 16px;
  padding-left: 0;
  padding-right: 0;
  padding-top: 16px;
  text-align: left;
}

.c7 {
  text-align: right;
  padding-bottom: 16px;
  padding-top: 16px;
}

.c9 {
  -webkit-font-smoothing: antialiased;
  color: #3c3c3c;
  font-family: 'Source Sans Pro','Helvetica Neue',Helvetica,sans-serif;
  font-size: 18px;
  font-style: normal;
  font-stretch: normal;
  font-weight: 700;
  -webkit-letter-spacing: .03em;
  -moz-letter-spacing: .03em;
  -ms-letter-spacing: .03em;
  letter-spacing: .03em;
  line-height: 1;
}

.c0 table td {
  padding-left: 1rem;
  padding-right: 1rem;
  border-bottom: none;
}

<section
    className="SkOrderFulfillmentGroup-summary-5"
  >
    <div
      className="SkOrderSummary-summary-142"
    >
      <div
        className="SkOrderSummary-header-143"
      >
        <div
          className="MuiGrid-container-7 MuiGrid-spacing-xs-24-31"
        >
          <div
            className="MuiGrid-item-8 MuiGrid-grid-xs-3-38"
          >
            <h6
              className="MuiTypography-root-104 MuiTypography-subtitle1-122 SkOrderSummary-subtitle2-146"
            >
              Payment Method
            </h6>
          </div>
          <div
            className="MuiGrid-item-8"
          >
            <p
              className="MuiTypography-root-104 MuiTypography-body2-112"
            >
              Example Payment
               (
              $10.00
              )
            </p>
          </div>
        </div>
      </div>
      <hr
        className="MuiDivider-root-147"
      />
      <div
        className="c0"
      >
        <table
          className="c1"
        >
          <tbody>
            <tr>
              <td
                className="c2"
              >
                Items:
              </td>
              <td
                className="c3 c2"
              >
                $118
              </td>
            </tr>
            <tr>
              <td
                className="c2"
              >
                Shipping:
              </td>
              <td
                className="c3 c2"
              >
                -
              </td>
            </tr>
            <tr>
              <td
                className="c2"
              >
                Surcharges:
              </td>
              <td
                className="c3 c2"
              >
                -
              </td>
            </tr>
            <tr>
              <td
                className="c4"
              >
                Tax:
              </td>
              <td
                className="c5 c2"
              >
                -
              </td>
            </tr>
            <tr>
              <td
                className="c6"
              >
                Order total:
              </td>
              <td
                className="c7 c8"
              >
                <span
                  className="c9"
                >
                  $118
                </span>
              </td>
            </tr>
          </tbody>
        </table>
      </div>
    </div>
  </section>,
]
`;
