// Jest Snapshot v1, https://goo.gl/fbAQLP

exports[`basic snapshot 1`] = `
<div>
  <a
    href="/product/undefined"
    onClick={[Function]}
  >
    <div
      className="WithTheme-ProductItem--productMedia-3"
    >
      <picture
        style={
          Object {
            "opacity": 0,
            "willChange": "opacity",
          }
        }
      >
        <source
          media="(min-width: 1280px)"
          srcSet="http://via.placeholder.com/800/E6E6E6/999999?text=FPO"
        />
        <source
          media="(min-width: 960px)"
          srcSet="http://via.placeholder.com/400/E6E6E6/999999?text=FPO"
        />
        <source
          media="(min-width: 600px)"
          srcSet="http://via.placeholder.com/300/E6E6E6/999999?text=FPO"
        />
        <img
          alt={undefined}
          className="WithTheme-ProductItem--img-12"
          onLoad={[Function]}
          src="http://via.placeholder.com/400/E6E6E6/999999?text=FPO"
        />
      </picture>
      <div
        className="WithTheme-ProductItem--imgLoading-13"
      >
        <svg
          aria-hidden="true"
          className="MuiSvgIcon-root-50 WithTheme-ProductItem--loadingIcon-14"
          color={undefined}
          focusable="false"
          viewBox="0 0 24 24"
        >
          <path
            d="M12,4V2C6.48,2 2,6.48 2,12H4C4,7.58 7.58,4 12,4Z"
          />
        </svg>
      </div>
    </div>
  </a>
  <div
    className="WithTheme-ProductItem--productInfo-2"
  >
    <div>
      <aside
        className="MuiTypography-root-16 MuiTypography-body2-24"
      >
        <button
          className="MuiButtonBase-root-40 WithTheme-ProductItem--link-15"
          disabled={undefined}
          onBlur={[Function]}
          onClick={[Function]}
          onFocus={[Function]}
          onKeyDown={[Function]}
          onKeyUp={[Function]}
          onMouseDown={[Function]}
          onMouseLeave={[Function]}
          onMouseUp={[Function]}
          onTouchEnd={[Function]}
          onTouchMove={[Function]}
          onTouchStart={[Function]}
          tabIndex="0"
          type="button"
        >
          <span
            className="MuiTouchRipple-root-43"
          />
        </button>
      </aside>
      <p
        className="MuiTypography-root-16 MuiTypography-body1-25"
      />
    </div>
    <div>
      <p
        className="MuiTypography-root-16 MuiTypography-body1-25"
      >
        $
      </p>
    </div>
  </div>
</div>
`;
