// Jest Snapshot v1, https://goo.gl/fbAQLP

exports[`basic snapshot 1`] = `
<div>
  <a
    className="Link-link-16"
    href="/product/undefined"
    onClick={[Function]}
  >
    <div
      className="inject-ProductItem-with-uiStore-productMedia-3"
    >
      <picture
        style={
          Object {
            "opacity": 0,
            "willChange": "opacity",
          }
        }
      >
        <source
          media="(min-width: 600px)"
          srcSet="http://localhost:300/resources/placeholder.gif"
        />
        <source
          media="(min-width: 960px)"
          srcSet="http://localhost:300/resources/placeholder.gif"
        />
        <source
          media="(min-width: 1280px)"
          srcSet="http://localhost:300/resources/placeholder.gif"
        />
        <img
          alt=""
          className="inject-ProductItem-with-uiStore-img-12"
          onLoad={[Function]}
          src="http://localhost:300/resources/placeholder.gif"
        />
      </picture>
      <div
        className="inject-ProductItem-with-uiStore-imgLoading-13"
      >
        <svg
          aria-hidden="true"
          className="MuiSvgIcon-root-41 inject-ProductItem-with-uiStore-loadingIcon-14"
          color={undefined}
          focusable="false"
          viewBox="0 0 24 24"
        >
          <path
            d="M12,4V2C6.48,2 2,6.48 2,12H4C4,7.58 7.58,4 12,4Z"
          />
        </svg>
      </div>
    </div>
    <div>
      <div
        className="inject-ProductItem-with-uiStore-productInfo-2"
      >
        <aside
          className="MuiTypography-root-17 MuiTypography-body2-25"
        />
        <p
          className="MuiTypography-root-17 MuiTypography-body1-26"
        >
          $
        </p>
      </div>
      <div>
        <p
          className="MuiTypography-root-17 MuiTypography-body1-26"
        />
      </div>
    </div>
  </a>
</div>
`;
