// Jest Snapshot v1, https://goo.gl/fbAQLP

exports[`basic snapshot 1`] = `
<a
  className=""
  href="/checkout"
  onClick={[Function]}
  onKeyDown={[Function]}
  role="link"
  tabIndex={0}
>
  <div
    className="Button__ButtonDiv-bnfrK eloVkm"
    onClick={[Function]}
    onKeyPress={[Function]}
    role="button"
    tabIndex={0}
    title={undefined}
  >
    <div>
      Checkout
    </div>
    <div
      className="Button__SpinnerWrap-bgOcuM cCKgPo"
      style={
        Object {
          "opacity": 0,
          "paddingLeft": 0,
          "width": 0,
        }
      }
    >
      <svg
        className="spinner__SpinnerSvg-iBTUvT bunzNs"
        height="40px"
        style={
          Object {
            "enableBackground": "new 0 0 50 50",
          }
        }
        version="1.1"
        viewBox="0 0 50 50"
        width="40px"
        x="0px"
        y="0px"
      >
        <path
          d="M43.935,25.145c0-10.318-8.364-18.683-18.683-18.683c-10.318,0-18.683,8.365-18.683,18.683h4.068c0-8.071,6.543-14.615,14.615-14.615c8.072,0,14.615,6.543,14.615,14.615H43.935z"
          fill="#000"
        >
          <animateTransform
            attributeName="transform"
            attributeType="xml"
            dur="1s"
            from="0 25 25"
            repeatCount="indefinite"
            to="360 25 25"
            type="rotate"
          />
        </path>
      </svg>
    </div>
  </div>
</a>
`;
