// Jest Snapshot v1, https://goo.gl/fbAQLP

exports[`basic snapshot 1`] = `
<li
  className="MuiButtonBase-root-15 MuiListItem-root-5 MuiListItem-default-8 MuiListItem-gutters-12 MuiListItem-button-13 MuiMenuItem-root-3"
  color="inherit"
  onBlur={[Function]}
  onClick={[Function]}
  onFocus={[Function]}
  onKeyDown={[Function]}
  onKeyUp={[Function]}
  onMouseDown={[Function]}
  onMouseLeave={[Function]}
  onMouseUp={[Function]}
  onTouchEnd={[Function]}
  onTouchMove={[Function]}
  onTouchStart={[Function]}
  role="menuitem"
  tabIndex={-1}
>
  <div
    className="MuiListItemText-root-18"
  />
  <span
    className="MuiTouchRipple-root-24"
  />
</li>
`;

exports[`snapshot with related items 1`] = `
<li
  className="MuiButtonBase-root-15 MuiListItem-root-5 MuiListItem-default-8 MuiListItem-gutters-12 MuiListItem-button-13 MuiMenuItem-root-3"
  color="inherit"
  onBlur={[Function]}
  onClick={[Function]}
  onFocus={[Function]}
  onKeyDown={[Function]}
  onKeyUp={[Function]}
  onMouseDown={[Function]}
  onMouseLeave={[Function]}
  onMouseUp={[Function]}
  onTouchEnd={[Function]}
  onTouchMove={[Function]}
  onTouchStart={[Function]}
  role="menuitem"
  tabIndex={-1}
>
  <div
    className="MuiListItemText-root-18"
  />
  <span
    className="MuiTouchRipple-root-24"
  />
</li>
`;
