// Jest Snapshot v1, https://goo.gl/fbAQLP

exports[`basic snapshot 1`] = `
<div
  className="MuiGrid-container-10"
>
  <div
    className="MuiGrid-item-11 MuiGrid-grid-xs-12-50 SkProductDetailAddToCart-quantityGrid-6"
  >
    <div
      className="SkDivider-container-107"
    >
      <hr
        className="SkDivider-item-109"
      />
      <hr
        className="SkDivider-item-109"
      />
    </div>
    <span
      className="MuiTypography-root-110 MuiTypography-body2-118 SkProductDetailAddToCart-quantityTypography-9"
    >
      Quantity
    </span>
    <div
      className="MuiFormControl-root-146"
    >
      <div
        className="MuiInputBase-root-163 MuiInput-root-150 SkProductDetailAddToCart-quantityContainer-5 MuiInputBase-formControl-164 MuiInput-formControl-151 MuiInputBase-adornedStart-167 MuiInputBase-adornedEnd-168"
        onClick={[Function]}
      >
        <div
          className="MuiInputAdornment-root-180"
        >
          <button
            className="MuiButtonBase-root-185 SkProductDetailAddToCart-incrementButton-4"
            color="default"
            onBlur={[Function]}
            onClick={[Function]}
            onContextMenu={[Function]}
            onFocus={[Function]}
            onKeyDown={[Function]}
            onKeyUp={[Function]}
            onMouseDown={[Function]}
            onMouseLeave={[Function]}
            onMouseUp={[Function]}
            onTouchEnd={[Function]}
            onTouchMove={[Function]}
            onTouchStart={[Function]}
            tabIndex="0"
            type="button"
            variant="outlined"
          >
            <svg
              aria-hidden="true"
              className="MuiSvgIcon-root-188 SkProductDetailAddToCart-quantitySvg-8"
              focusable="false"
              role="presentation"
              viewBox="0 0 24 24"
            >
              <path
                d="M19,13H5V11H19V13Z"
              />
            </svg>
            <span
              className="MuiTouchRipple-root-205"
            />
          </button>
        </div>
        <input
          aria-invalid={false}
          className="MuiInputBase-input-173 MuiInput-input-158 SkProductDetailAddToCart-quantityInput-7 MuiInputBase-inputAdornedStart-178 MuiInputBase-inputAdornedEnd-179"
          disabled={false}
          id="addToCartQuantityInput"
          onBlur={[Function]}
          onChange={[Function]}
          onFocus={[Function]}
          required={false}
          type="text"
          value={1}
        />
        <div
          className="MuiInputAdornment-root-180"
        >
          <button
            className="MuiButtonBase-root-185 SkProductDetailAddToCart-incrementButton-4"
            color="default"
            onBlur={[Function]}
            onClick={[Function]}
            onContextMenu={[Function]}
            onFocus={[Function]}
            onKeyDown={[Function]}
            onKeyUp={[Function]}
            onMouseDown={[Function]}
            onMouseLeave={[Function]}
            onMouseUp={[Function]}
            onTouchEnd={[Function]}
            onTouchMove={[Function]}
            onTouchStart={[Function]}
            tabIndex="0"
            type="button"
            variant="outlined"
          >
            <svg
              aria-hidden="true"
              className="MuiSvgIcon-root-188 SkProductDetailAddToCart-quantitySvg-8"
              focusable="false"
              role="presentation"
              viewBox="0 0 24 24"
            >
              <path
                d="M19,13H13V19H11V13H5V11H11V5H13V11H19V13Z"
              />
            </svg>
            <span
              className="MuiTouchRipple-root-205"
            />
          </button>
        </div>
      </div>
    </div>
    <span
      className="MuiTypography-root-110 MuiTypography-body1-119 SkProductDetailAddToCart-addToCartErrorText-3"
    />
  </div>
  <div
    className="MuiGrid-item-11 MuiGrid-grid-xs-12-50"
  >
    <button
      className="MuiButtonBase-root-185 SkProductDetailAddToCart-addToCartButton-1"
      onBlur={[Function]}
      onClick={[Function]}
      onContextMenu={[Function]}
      onFocus={[Function]}
      onKeyDown={[Function]}
      onKeyUp={[Function]}
      onMouseDown={[Function]}
      onMouseLeave={[Function]}
      onMouseUp={[Function]}
      onTouchEnd={[Function]}
      onTouchMove={[Function]}
      onTouchStart={[Function]}
      tabIndex="0"
      type="button"
    >
      <span
        className="MuiTypography-root-110 MuiTypography-body1-119 SkProductDetailAddToCart-addToCartText-2"
      >
        Add to cart
      </span>
      <span
        className="MuiTouchRipple-root-205"
      />
    </button>
  </div>
</div>
`;
