// Jest Snapshot v1, https://goo.gl/fbAQLP

exports[`Empty product grid message 1`] = `
<div
  className="inject-ProductGridEmptyMessage-with-routingStore-root-217"
>
  <p
    className="MuiTypography-root-157 MuiTypography-body1-166 MuiTypography-paragraph-175 inject-ProductGridEmptyMessage-with-routingStore-notFoundMessage-219"
  >
    Sorry! We couldn't find what you're looking for.
  </p>
  <p
    className="MuiTypography-root-157 MuiTypography-body1-166 inject-ProductGridEmptyMessage-with-routingStore-actionMessage-218"
  >
    <a
      className=""
      href="tag/test-tag"
      onClick={[Function]}
      onKeyDown={[Function]}
      role="link"
      tabIndex={0}
    >
      Clear filters
    </a>
  </p>
</div>
`;

exports[`basic snapshot 1`] = `
Array [
  <div
    className="MuiGrid-container-2 MuiGrid-spacing-xs-8-24 ProductGrid-filters-1"
  >
    <div
      className="MuiGrid-item-3"
    >
      <div
        className="MuiInput-root-109 Select-input-103"
      >
        <div
          className="MuiSelect-root-104"
        >
          <div
            aria-haspopup="true"
            aria-owns={null}
            aria-pressed="false"
            className="MuiSelect-select-105 MuiSelect-selectMenu-106 Select-selectMenu-101 MuiInput-input-117"
            onBlur={[Function]}
            onClick={[Function]}
            onFocus={[Function]}
            onKeyDown={[Function]}
            role="button"
            tabIndex={0}
          >
            20 Products
          </div>
          <input
            autoComplete={undefined}
            autoFocus={undefined}
            defaultValue={undefined}
            id="page-size"
            name="pageSize"
            onKeyDown={undefined}
            onKeyUp={undefined}
            placeholder={undefined}
            rows={undefined}
            type="hidden"
            value={20}
          />
          <svg
            aria-hidden="true"
            className="MuiSvgIcon-root-122 MuiSelect-icon-108"
            color={undefined}
            focusable="false"
            viewBox="0 0 24 24"
          >
            <path
              d="M7 10l5 5 5-5z"
            />
          </svg>
        </div>
      </div>
    </div>
    <div
      className="MuiGrid-item-3"
    >
      <div
        className="MuiInput-root-109 Select-input-103"
      >
        <div
          className="MuiSelect-root-104"
        >
          <div
            aria-haspopup="true"
            aria-owns={null}
            aria-pressed="false"
            className="MuiSelect-select-105 MuiSelect-selectMenu-106 Select-selectMenu-101 MuiInput-input-117"
            onBlur={[Function]}
            onClick={[Function]}
            onFocus={[Function]}
            onKeyDown={[Function]}
            role="button"
            tabIndex={0}
          >
            Newest
          </div>
          <input
            autoComplete={undefined}
            autoFocus={undefined}
            defaultValue={undefined}
            id="sort-by"
            name="sortBy"
            onKeyDown={undefined}
            onKeyUp={undefined}
            placeholder={undefined}
            rows={undefined}
            type="hidden"
            value="updatedAt-desc"
          />
          <svg
            aria-hidden="true"
            className="MuiSvgIcon-root-122 MuiSelect-icon-108"
            color={undefined}
            focusable="false"
            viewBox="0 0 24 24"
          >
            <path
              d="M7 10l5 5 5-5z"
            />
          </svg>
        </div>
      </div>
    </div>
  </div>,
  <div
    className="MuiGrid-container-2 MuiGrid-spacing-xs-24-26"
  >
    <div
      className="MuiGrid-item-3 MuiGrid-grid-xs-12-42 MuiGrid-grid-sm-4-48 MuiGrid-grid-md-3-61"
    >
      <div>
        <a
          className=""
          href="/product/men's-lightweigth-synchilla"
          onClick={[Function]}
          onKeyDown={[Function]}
          role="link"
          tabIndex={0}
        >
          <div
            className="BadgeOverlay-badgeOverlay-137 BadgeOverlay-faded-138"
          >
            <div
              className="Badge-badge-148 BadgeOverlay-status-139 BadgeOverlay-soldOut-144"
            >
              <span
                className="Badge-labelStyle-149"
              >
                Sold Out
              </span>
            </div>
            <div
              className="WithTracking-ProductItem--productMedia-135"
            >
              <div
                className="Img-imgWrapper-151 "
              >
                <img
                  alt=""
                  className="Img-img-153 Img-imgLoading-155 "
                  src="http://localhost:3000/assets/files/Media/aHEWna7yeBvNFM9bL/thumbnail/25580_CICN.png"
                />
              </div>
            </div>
            <div>
              <div
                className="WithTracking-ProductItem--productInfo-134"
              >
                <aside
                  className="MuiTypography-root-157 MuiTypography-body2-165"
                >
                  Men's Lightweigth Synchilla
                </aside>
                <div
                  className="MuiTypography-root-157 MuiTypography-body1-166"
                >
                  <div>
                    <span
                      className="Price__Span-cHkFMo hTtbIl"
                    >
                      $12.99 - $19.99
                    </span>
                    
                  </div>
                </div>
              </div>
              <div>
                <p
                  className="MuiTypography-root-157 MuiTypography-body1-166"
                >
                  Patagonia
                </p>
              </div>
            </div>
          </div>
        </a>
      </div>
    </div>
    <div
      className="MuiGrid-item-3 MuiGrid-grid-xs-12-42 MuiGrid-grid-sm-4-48 MuiGrid-grid-md-3-61"
    >
      <div>
        <a
          className=""
          href="/product/example-product"
          onClick={[Function]}
          onKeyDown={[Function]}
          role="link"
          tabIndex={0}
        >
          <div
            className="BadgeOverlay-badgeOverlay-137"
          >
            <div
              className="WithTracking-ProductItem--productMedia-135"
            >
              <div
                className="Img-imgWrapper-151 "
              >
                <img
                  alt=""
                  className="Img-img-153 Img-imgLoading-155 "
                  src="http://localhost:3000/assets/files/Media/mmY4m9gwPK2uFEZ8w/thumbnail/product_image.png"
                />
              </div>
            </div>
            <div>
              <div
                className="WithTracking-ProductItem--productInfo-134"
              >
                <aside
                  className="MuiTypography-root-157 MuiTypography-body2-165"
                >
                  Basic Reaction Product
                </aside>
                <div
                  className="MuiTypography-root-157 MuiTypography-body1-166"
                >
                  <div>
                    <span
                      className="Price__Span-cHkFMo hTtbIl"
                    >
                      $12.99 - $19.99
                    </span>
                    
                  </div>
                </div>
              </div>
              <div>
                <p
                  className="MuiTypography-root-157 MuiTypography-body1-166"
                >
                  Reaction Commerce
                </p>
              </div>
            </div>
          </div>
        </a>
      </div>
    </div>
  </div>,
  <div
    className="MuiGrid-container-2 MuiGrid-justify-xs-space-between-21 PageStepper-root-182"
  >
    <div
      className="MuiGrid-item-3"
    >
      <button
        className="MuiButtonBase-root-207 MuiButton-root-183 MuiButton-contained-192 MuiButton-raised-195"
        disabled={false}
        onBlur={[Function]}
        onClick={[Function]}
        onFocus={[Function]}
        onKeyDown={[Function]}
        onKeyUp={[Function]}
        onMouseDown={[Function]}
        onMouseLeave={[Function]}
        onMouseUp={[Function]}
        onTouchEnd={[Function]}
        onTouchMove={[Function]}
        onTouchStart={[Function]}
        tabIndex="0"
        type="button"
      >
        <span
          className="MuiButton-label-184"
        >
          Previous
        </span>
        <span
          className="MuiTouchRipple-root-210"
        />
      </button>
    </div>
    <div
      className="MuiGrid-item-3"
    />
  </div>,
]
`;
