// Jest Snapshot v1, https://goo.gl/fbAQLP

exports[`basic snapshot 1`] = `
<section>
  <div
    className="MuiGrid-typeContainer-1 MuiGrid-spacing-xs-24-24"
  >
    <div
      className="MuiGrid-typeItem-2 MuiGrid-grid-xs-12-38 MuiGrid-grid-sm-4-43 MuiGrid-grid-md-3-55 MuiGrid-grid-lg-2-67"
    >
      <div>
        <div
          className="ProductItem-productMedia-93"
        >
          <div
            className="MuiChip-root-103 ProductItem-chip-94 ProductItem-warning-101"
            onClick={undefined}
            onKeyDown={[Function]}
            role="button"
            tabIndex={-1}
          >
            <span
              className="MuiChip-label-108 ProductItem-chipLabel-95"
            >
              Low Inventory
            </span>
          </div>
          <img
            alt="A bag of rich Arabica coffee. Great for a fueling up for a night out or for settling in for a night of coding at home"
            className="ProductItem-img-102"
            src="http://via.placeholder.com/200"
          />
        </div>
        <div
          className="ProductItem-productInfo-92"
        >
          <div>
            <aside
              className="MuiTypography-root-110 MuiTypography-body2-118"
            >
              Reaction Bag of Beans
            </aside>
            <p
              className="MuiTypography-root-110 MuiTypography-body1-119"
            >
              Bluestone Coffee
            </p>
          </div>
          <div>
            <aside
              className="MuiTypography-root-110 MuiTypography-body2-118"
            >
              $
              12 - 24
            </aside>
          </div>
        </div>
      </div>
    </div>
    <div
      className="MuiGrid-typeItem-2 MuiGrid-grid-xs-12-38 MuiGrid-grid-sm-4-43 MuiGrid-grid-md-3-55 MuiGrid-grid-lg-2-67"
    >
      <div>
        <div
          className="ProductItem-productMedia-93"
        >
          <div
            className="MuiChip-root-103 ProductItem-chip-94 ProductItem-status-96 ProductItem-statusBackorder-98"
            onClick={undefined}
            onKeyDown={[Function]}
            role="button"
            tabIndex={-1}
          >
            <span
              className="MuiChip-label-108 ProductItem-chipLabel-95"
            >
              Backorder
            </span>
          </div>
          <img
            alt="A sturdy mug to keep your hot drinks hot and your cold drinks cold"
            className="ProductItem-img-102"
            src="http://via.placeholder.com/200"
          />
        </div>
        <div
          className="ProductItem-productInfo-92"
        >
          <div>
            <aside
              className="MuiTypography-root-110 MuiTypography-body2-118"
            >
              Reaction Mug
            </aside>
            <p
              className="MuiTypography-root-110 MuiTypography-body1-119"
            >
              Mugworks
            </p>
          </div>
          <div>
            <aside
              className="MuiTypography-root-110 MuiTypography-body2-118"
            >
              $
              15
            </aside>
          </div>
        </div>
      </div>
    </div>
    <div
      className="MuiGrid-typeItem-2 MuiGrid-grid-xs-12-38 MuiGrid-grid-sm-4-43 MuiGrid-grid-md-3-55 MuiGrid-grid-lg-2-67"
    >
      <div>
        <div
          className="ProductItem-productMedia-93"
        >
          <div
            className="MuiChip-root-103 ProductItem-chip-94 ProductItem-status-96 ProductItem-statusBackorder-98"
            onClick={undefined}
            onKeyDown={[Function]}
            role="button"
            tabIndex={-1}
          >
            <span
              className="MuiChip-label-108 ProductItem-chipLabel-95"
            >
              Backorder
            </span>
          </div>
          <img
            alt="Need to make a quick note? Got a once-in-a-lifetime idea? Write it down in one of these great little notebooks"
            className="ProductItem-img-102"
            src="http://via.placeholder.com/200"
          />
        </div>
        <div
          className="ProductItem-productInfo-92"
        >
          <div>
            <aside
              className="MuiTypography-root-110 MuiTypography-body2-118"
            >
              Reaction Scout Book
            </aside>
            <p
              className="MuiTypography-root-110 MuiTypography-body1-119"
            >
              Bookworks
            </p>
          </div>
          <div>
            <aside
              className="MuiTypography-root-110 MuiTypography-body2-118"
            >
              $
              6
            </aside>
          </div>
        </div>
      </div>
    </div>
    <div
      className="MuiGrid-typeItem-2 MuiGrid-grid-xs-12-38 MuiGrid-grid-sm-4-43 MuiGrid-grid-md-3-55 MuiGrid-grid-lg-2-67"
    >
      <div>
        <div
          className="ProductItem-productMedia-93"
        >
          <div
            className="MuiChip-root-103 ProductItem-chip-94 ProductItem-status-96 ProductItem-statusSoldOut-97"
            onClick={undefined}
            onKeyDown={[Function]}
            role="button"
            tabIndex={-1}
          >
            <span
              className="MuiChip-label-108 ProductItem-chipLabel-95"
            >
              Sold Out
            </span>
          </div>
          <img
            alt="The same hip Reaction logo in a cut more suitable for the ladies. 100% cotton fabric and double-stitching make this a shirt that will last for years to come"
            className="ProductItem-img-102"
            src="http://via.placeholder.com/200"
          />
        </div>
        <div
          className="ProductItem-productInfo-92"
        >
          <div>
            <aside
              className="MuiTypography-root-110 MuiTypography-body2-118"
            >
              Reaction Ladies Shirt
            </aside>
            <p
              className="MuiTypography-root-110 MuiTypography-body1-119"
            >
              Shirtworks
            </p>
          </div>
          <div>
            <aside
              className="MuiTypography-root-110 MuiTypography-body2-118"
            >
              $
              18 - 20
            </aside>
          </div>
        </div>
      </div>
    </div>
    <div
      className="MuiGrid-typeItem-2 MuiGrid-grid-xs-12-38 MuiGrid-grid-sm-4-43 MuiGrid-grid-md-3-55 MuiGrid-grid-lg-2-67"
    >
      <div>
        <div
          className="ProductItem-productMedia-93"
        >
          <div
            className="MuiChip-root-103 ProductItem-chip-94 ProductItem-status-96 ProductItem-statusBackorder-98"
            onClick={undefined}
            onKeyDown={[Function]}
            role="button"
            tabIndex={-1}
          >
            <span
              className="MuiChip-label-108 ProductItem-chipLabel-95"
            >
              Backorder
            </span>
          </div>
          <img
            alt="Get your Reaction together and show it to the world. 100% cotton fabric and double-stitching make this a shirt that will last for years to come"
            className="ProductItem-img-102"
            src="http://via.placeholder.com/200"
          />
        </div>
        <div
          className="ProductItem-productInfo-92"
        >
          <div>
            <aside
              className="MuiTypography-root-110 MuiTypography-body2-118"
            >
              Reaction Mens Shirt
            </aside>
            <p
              className="MuiTypography-root-110 MuiTypography-body1-119"
            >
              Shirtworks
            </p>
          </div>
          <div>
            <aside
              className="MuiTypography-root-110 MuiTypography-body2-118"
            >
              $
              18 - 20
            </aside>
          </div>
        </div>
      </div>
    </div>
    <div
      className="MuiGrid-typeItem-2 MuiGrid-grid-xs-12-38 MuiGrid-grid-sm-4-43 MuiGrid-grid-md-3-55 MuiGrid-grid-lg-2-67"
    >
      <div>
        <div
          className="ProductItem-productMedia-93"
        >
          <div
            className="MuiChip-root-103 ProductItem-chip-94 ProductItem-status-96 ProductItem-statusBackorder-98"
            onClick={undefined}
            onKeyDown={[Function]}
            role="button"
            tabIndex={-1}
          >
            <span
              className="MuiChip-label-108 ProductItem-chipLabel-95"
            >
              Backorder
            </span>
          </div>
          <img
            alt="Show your pride and affix some Reaction to almost any surface"
            className="ProductItem-img-102"
            src="http://via.placeholder.com/200"
          />
        </div>
        <div
          className="ProductItem-productInfo-92"
        >
          <div>
            <aside
              className="MuiTypography-root-110 MuiTypography-body2-118"
            >
              Reaction Sticker
            </aside>
            <p
              className="MuiTypography-root-110 MuiTypography-body1-119"
            >
              Stickerworks
            </p>
          </div>
          <div>
            <aside
              className="MuiTypography-root-110 MuiTypography-body2-118"
            >
              $
              4
            </aside>
          </div>
        </div>
      </div>
    </div>
    <div
      className="MuiGrid-typeItem-2 MuiGrid-grid-xs-12-38 MuiGrid-grid-sm-4-43 MuiGrid-grid-md-3-55 MuiGrid-grid-lg-2-67"
    >
      <div>
        <div
          className="ProductItem-productMedia-93"
        >
          <img
            alt="Whether DJ'ing your EDM set or hacking into the NSA this stylish hoodie will keep your tiny fragile body warm"
            className="ProductItem-img-102"
            src="http://via.placeholder.com/200"
          />
        </div>
        <div
          className="ProductItem-productInfo-92"
        >
          <div>
            <aside
              className="MuiTypography-root-110 MuiTypography-body2-118"
            >
              Reaction Hoodie
            </aside>
            <p
              className="MuiTypography-root-110 MuiTypography-body1-119"
            >
              Hanes
            </p>
          </div>
          <div>
            <aside
              className="MuiTypography-root-110 MuiTypography-body2-118"
            >
              $
              35
            </aside>
          </div>
        </div>
      </div>
    </div>
    <div
      className="MuiGrid-typeItem-2 MuiGrid-grid-xs-12-38 MuiGrid-grid-sm-4-43 MuiGrid-grid-md-3-55 MuiGrid-grid-lg-2-67"
    >
      <div>
        <div
          className="ProductItem-productMedia-93"
        >
          <img
            alt="This camp shirt is a classy, clean alternative to T-shirts or Polos. Represent Reaction at camp or on the road"
            className="ProductItem-img-102"
            src="http://via.placeholder.com/200"
          />
        </div>
        <div
          className="ProductItem-productInfo-92"
        >
          <div>
            <aside
              className="MuiTypography-root-110 MuiTypography-body2-118"
            >
              Reaction Camp Shirt
            </aside>
            <p
              className="MuiTypography-root-110 MuiTypography-body1-119"
            >
              Hanes
            </p>
          </div>
          <div>
            <aside
              className="MuiTypography-root-110 MuiTypography-body2-118"
            >
              $
              40 - 45
            </aside>
          </div>
        </div>
      </div>
    </div>
  </div>
</section>
`;
