// Jest Snapshot v1, https://goo.gl/fbAQLP

exports[`basic snapshot 1`] = `
<section
  className="inject-ProductGridHero-with-uiStore-productGridContainer-2"
>
  <div
    className="MuiGrid-container-3 MuiGrid-spacing-xs-24-26"
  >
    <div
      className="MuiGrid-item-4 MuiGrid-grid-xs-12-40"
    />
  </div>
</section>
`;
