// Jest Snapshot v1, https://goo.gl/fbAQLP

exports[`basic snapshot 1`] = `
<div
  className="SkNavigationItemMobile-root-1"
>
  <div
    className="SkNavigationItemMobile-header-2"
  >
    <div
      className="MuiToolbar-root-5 MuiToolbar-regular-7"
    >
      <h6
        className="MuiTypography-root-9 MuiTypography-subtitle1-27 SkNavigationItemMobile-toolbarTitle-3"
      />
      <button
        className="MuiButtonBase-root-51 MuiIconButton-root-45"
        disabled={false}
        onBlur={[Function]}
        onClick={[Function]}
        onContextMenu={[Function]}
        onFocus={[Function]}
        onKeyDown={[Function]}
        onKeyUp={[Function]}
        onMouseDown={[Function]}
        onMouseLeave={[Function]}
        onMouseUp={[Function]}
        onTouchEnd={[Function]}
        onTouchMove={[Function]}
        onTouchStart={[Function]}
        tabIndex="0"
        type="button"
      >
        <span
          className="MuiIconButton-label-50"
        >
          <svg
            aria-hidden="true"
            className="MuiSvgIcon-root-54"
            focusable="false"
            role="presentation"
            viewBox="0 0 24 24"
          >
            <path
              d="M15.41,16.58L10.83,12L15.41,7.41L14,6L8,12L14,18L15.41,16.58Z"
            />
          </svg>
        </span>
        <span
          className="MuiTouchRipple-root-101"
        />
      </button>
    </div>
    <hr
      className="MuiDivider-root-63"
    />
  </div>
  <div
    className="SkNavigationItemMobile-menu-4"
  >
    <div
      className="MuiList-root-68"
      onBlur={[Function]}
      onKeyDown={[Function]}
      role="menu"
    >
      <div
        className="MuiButtonBase-root-51 MuiListItem-root-78 MuiListItem-default-81 MuiListItem-gutters-86 MuiListItem-button-87"
        color="inherit"
        onBlur={[Function]}
        onClick={[Function]}
        onContextMenu={[Function]}
        onFocus={[Function]}
        onKeyDown={[Function]}
        onKeyUp={[Function]}
        onMouseDown={[Function]}
        onMouseLeave={[Function]}
        onMouseUp={[Function]}
        onTouchEnd={[Function]}
        onTouchMove={[Function]}
        onTouchStart={[Function]}
        role="button"
        tabIndex="0"
      >
        <div
          className="MuiListItemText-root-90"
        />
        <div
          className="MuiListItemIcon-root-96"
        >
          <svg
            aria-hidden="true"
            className="MuiSvgIcon-root-54"
            focusable="false"
            role="presentation"
            viewBox="0 0 24 24"
          >
            <path
              d="M7.41,8.58L12,13.17L16.59,8.58L18,10L12,16L6,10L7.41,8.58Z"
            />
          </svg>
        </div>
        <span
          className="MuiTouchRipple-root-101"
        />
      </div>
      <hr
        className="MuiDivider-root-63"
      />
    </div>
  </div>
</div>
`;
