// Jest Snapshot v1, https://goo.gl/fbAQLP

exports[`renders with 1 level of tags 1`] = `null`;

exports[`renders with 2 levels of tags 1`] = `
Array [
  <div
    className="MuiButtonBase-root-19 MuiListItem-root-7 MuiListItem-default-10 MuiListItem-gutters-15 MuiListItem-button-16"
    color="inherit"
    onBlur={[Function]}
    onClick={[Function]}
    onContextMenu={[Function]}
    onFocus={[Function]}
    onKeyDown={[Function]}
    onKeyUp={[Function]}
    onMouseDown={[Function]}
    onMouseLeave={[Function]}
    onMouseUp={[Function]}
    onTouchEnd={[Function]}
    onTouchMove={[Function]}
    onTouchStart={[Function]}
    role="button"
    tabIndex="0"
  >
    <div
      className="MuiListItemText-root-22"
    />
    <div
      className="MuiListItemIcon-root-28"
    >
      <svg
        aria-hidden="true"
        className="MuiSvgIcon-root-29"
        focusable="false"
        role="presentation"
        viewBox="0 0 24 24"
      >
        <path
          d="M7.41,8.58L12,13.17L16.59,8.58L18,10L12,16L6,10L7.41,8.58Z"
        />
      </svg>
    </div>
    <span
      className="MuiTouchRipple-root-47"
    />
  </div>,
  <hr
    className="MuiDivider-root-42"
  />,
]
`;

exports[`renders with 3 levels of tags 1`] = `
Array [
  <div
    className="MuiButtonBase-root-19 MuiListItem-root-7 MuiListItem-default-10 MuiListItem-gutters-15 MuiListItem-button-16"
    color="inherit"
    onBlur={[Function]}
    onClick={[Function]}
    onContextMenu={[Function]}
    onFocus={[Function]}
    onKeyDown={[Function]}
    onKeyUp={[Function]}
    onMouseDown={[Function]}
    onMouseLeave={[Function]}
    onMouseUp={[Function]}
    onTouchEnd={[Function]}
    onTouchMove={[Function]}
    onTouchStart={[Function]}
    role="button"
    tabIndex="0"
  >
    <div
      className="MuiListItemText-root-22"
    />
    <div
      className="MuiListItemIcon-root-28"
    >
      <svg
        aria-hidden="true"
        className="MuiSvgIcon-root-29"
        focusable="false"
        role="presentation"
        viewBox="0 0 24 24"
      >
        <path
          d="M7.41,8.58L12,13.17L16.59,8.58L18,10L12,16L6,10L7.41,8.58Z"
        />
      </svg>
    </div>
    <span
      className="MuiTouchRipple-root-47"
    />
  </div>,
  <hr
    className="MuiDivider-root-42"
  />,
]
`;
