// Jest Snapshot v1, https://goo.gl/fbAQLP

exports[`basic snapshot 1`] = `
<div
  className="MuiGrid-container-3 MuiGrid-spacing-xs-24-27"
>
  <div
    className="MuiGrid-item-4 MuiGrid-grid-xs-12-43 inject-WithTracking-ProductDetail--with-routingStore-uiStore-breadcrumbGrid-2"
  >
    <div
      className="Breadcrumbs-container-100"
    >
      <a
        className=""
        href="/"
        onClick={[Function]}
        onKeyDown={[Function]}
        role="link"
        tabIndex={0}
      >
        <span
          className="Breadcrumbs-breadcrumbLink-101"
        >
          Home
        </span>
      </a>
      <svg
        aria-hidden="true"
        className="MuiSvgIcon-root-103 Breadcrumbs-breadcrumbIcon-102"
        color={undefined}
        focusable="false"
        viewBox="0 0 24 24"
      >
        <g>
          <path
            d="M8.59,16.58L13.17,12L8.59,7.41L10,6L16,12L10,18L8.59,16.58Z"
          />
        </g>
      </svg>
      <a
        className=""
        href="/tag/tag-a"
        onClick={[Function]}
        onKeyDown={[Function]}
        role="link"
        tabIndex={0}
      >
        <span
          className="Breadcrumbs-breadcrumbLink-101"
        >
          Tag A
        </span>
      </a>
      <svg
        aria-hidden="true"
        className="MuiSvgIcon-root-103 Breadcrumbs-breadcrumbIcon-102"
        color={undefined}
        focusable="false"
        viewBox="0 0 24 24"
      >
        <g>
          <path
            d="M8.59,16.58L13.17,12L8.59,7.41L10,6L16,12L10,18L8.59,16.58Z"
          />
        </g>
      </svg>
      <a
        className=""
        href="/product/example-product"
        onClick={[Function]}
        onKeyDown={[Function]}
        role="link"
        tabIndex={0}
      >
        <span
          className="Breadcrumbs-breadcrumbLink-101"
        >
          Reaction Sample Product
        </span>
      </a>
    </div>
  </div>
  <div
    className="MuiGrid-item-4 MuiGrid-grid-xs-12-43 MuiGrid-grid-sm-6-51"
  >
    <div
      className="inject-WithTracking-ProductDetail--with-routingStore-uiStore-section-1"
    >
      <div
        className="MuiGrid-container-3 MediaGallery-root-110"
      >
        <div
          className="MuiGrid-item-4 MuiGrid-grid-xs-12-43 MuiGrid-grid-sm-12-57"
        >
          <div
            className="MediaGallery-featured-111"
          >
            <div
              className="Img-imgWrapper-113 "
            >
              <img
                alt=""
                className="Img-img-115 Img-imgLoading-117 "
                src="/resources/placeholder.gif"
              />
            </div>
          </div>
          <div
            className="MuiGrid-container-3 MuiGrid-spacing-xs-8-25"
          >
            <div
              className="MuiGrid-item-4 MuiGrid-grid-xs-3-34 MuiGrid-grid-sm-2-47"
            >
              <button
                className="MuiButtonBase-root-120 MediaGalleryItem-root-119"
                disabled={undefined}
                onBlur={[Function]}
                onClick={[Function]}
                onFocus={[Function]}
                onKeyDown={[Function]}
                onKeyUp={[Function]}
                onMouseDown={[Function]}
                onMouseLeave={[Function]}
                onMouseUp={[Function]}
                onTouchEnd={[Function]}
                onTouchMove={[Function]}
                onTouchStart={[Function]}
                tabIndex="0"
                type="button"
              >
                <div
                  className="Img-imgWrapper-113 "
                >
                  <img
                    alt=""
                    className="Img-img-115 Img-imgLoading-117 "
                    src="/resources/placeholder.gif"
                  />
                </div>
                <span
                  className="MuiTouchRipple-root-123"
                />
              </button>
            </div>
            <div
              className="MuiGrid-item-4 MuiGrid-grid-xs-3-34 MuiGrid-grid-sm-2-47"
            >
              <button
                className="MuiButtonBase-root-120 MediaGalleryItem-root-119"
                disabled={undefined}
                onBlur={[Function]}
                onClick={[Function]}
                onFocus={[Function]}
                onKeyDown={[Function]}
                onKeyUp={[Function]}
                onMouseDown={[Function]}
                onMouseLeave={[Function]}
                onMouseUp={[Function]}
                onTouchEnd={[Function]}
                onTouchMove={[Function]}
                onTouchStart={[Function]}
                tabIndex="0"
                type="button"
              >
                <div
                  className="Img-imgWrapper-113 "
                >
                  <img
                    alt=""
                    className="Img-img-115 Img-imgLoading-117 "
                    src="/resources/placeholder.gif"
                  />
                </div>
                <span
                  className="MuiTouchRipple-root-123"
                />
              </button>
            </div>
            <div
              className="MuiGrid-item-4 MuiGrid-grid-xs-3-34 MuiGrid-grid-sm-2-47"
            >
              <button
                className="MuiButtonBase-root-120 MediaGalleryItem-root-119"
                disabled={undefined}
                onBlur={[Function]}
                onClick={[Function]}
                onFocus={[Function]}
                onKeyDown={[Function]}
                onKeyUp={[Function]}
                onMouseDown={[Function]}
                onMouseLeave={[Function]}
                onMouseUp={[Function]}
                onTouchEnd={[Function]}
                onTouchMove={[Function]}
                onTouchStart={[Function]}
                tabIndex="0"
                type="button"
              >
                <div
                  className="Img-imgWrapper-113 "
                >
                  <img
                    alt=""
                    className="Img-img-115 Img-imgLoading-117 "
                    src="/resources/placeholder.gif"
                  />
                </div>
                <span
                  className="MuiTouchRipple-root-123"
                />
              </button>
            </div>
            <div
              className="MuiGrid-item-4 MuiGrid-grid-xs-3-34 MuiGrid-grid-sm-2-47"
            >
              <button
                className="MuiButtonBase-root-120 MediaGalleryItem-root-119"
                disabled={undefined}
                onBlur={[Function]}
                onClick={[Function]}
                onFocus={[Function]}
                onKeyDown={[Function]}
                onKeyUp={[Function]}
                onMouseDown={[Function]}
                onMouseLeave={[Function]}
                onMouseUp={[Function]}
                onTouchEnd={[Function]}
                onTouchMove={[Function]}
                onTouchStart={[Function]}
                tabIndex="0"
                type="button"
              >
                <div
                  className="Img-imgWrapper-113 "
                >
                  <img
                    alt=""
                    className="Img-img-115 Img-imgLoading-117 "
                    src="/resources/placeholder.gif"
                  />
                </div>
                <span
                  className="MuiTouchRipple-root-123"
                />
              </button>
            </div>
            <div
              className="MuiGrid-item-4 MuiGrid-grid-xs-3-34 MuiGrid-grid-sm-2-47"
            >
              <button
                className="MuiButtonBase-root-120 MediaGalleryItem-root-119"
                disabled={undefined}
                onBlur={[Function]}
                onClick={[Function]}
                onFocus={[Function]}
                onKeyDown={[Function]}
                onKeyUp={[Function]}
                onMouseDown={[Function]}
                onMouseLeave={[Function]}
                onMouseUp={[Function]}
                onTouchEnd={[Function]}
                onTouchMove={[Function]}
                onTouchStart={[Function]}
                tabIndex="0"
                type="button"
              >
                <div
                  className="Img-imgWrapper-113 "
                >
                  <img
                    alt=""
                    className="Img-img-115 Img-imgLoading-117 "
                    src="/resources/placeholder.gif"
                  />
                </div>
                <span
                  className="MuiTouchRipple-root-123"
                />
              </button>
            </div>
            <div
              className="MuiGrid-item-4 MuiGrid-grid-xs-3-34 MuiGrid-grid-sm-2-47"
            >
              <button
                className="MuiButtonBase-root-120 MediaGalleryItem-root-119"
                disabled={undefined}
                onBlur={[Function]}
                onClick={[Function]}
                onFocus={[Function]}
                onKeyDown={[Function]}
                onKeyUp={[Function]}
                onMouseDown={[Function]}
                onMouseLeave={[Function]}
                onMouseUp={[Function]}
                onTouchEnd={[Function]}
                onTouchMove={[Function]}
                onTouchStart={[Function]}
                tabIndex="0"
                type="button"
              >
                <div
                  className="Img-imgWrapper-113 "
                >
                  <img
                    alt=""
                    className="Img-img-115 Img-imgLoading-117 "
                    src="/resources/placeholder.gif"
                  />
                </div>
                <span
                  className="MuiTouchRipple-root-123"
                />
              </button>
            </div>
            <div
              className="MuiGrid-item-4 MuiGrid-grid-xs-3-34 MuiGrid-grid-sm-2-47"
            >
              <button
                className="MuiButtonBase-root-120 MediaGalleryItem-root-119"
                disabled={undefined}
                onBlur={[Function]}
                onClick={[Function]}
                onFocus={[Function]}
                onKeyDown={[Function]}
                onKeyUp={[Function]}
                onMouseDown={[Function]}
                onMouseLeave={[Function]}
                onMouseUp={[Function]}
                onTouchEnd={[Function]}
                onTouchMove={[Function]}
                onTouchStart={[Function]}
                tabIndex="0"
                type="button"
              >
                <div
                  className="Img-imgWrapper-113 "
                >
                  <img
                    alt=""
                    className="Img-img-115 Img-imgLoading-117 "
                    src="/resources/placeholder.gif"
                  />
                </div>
                <span
                  className="MuiTouchRipple-root-123"
                />
              </button>
            </div>
            <div
              className="MuiGrid-item-4 MuiGrid-grid-xs-3-34 MuiGrid-grid-sm-2-47"
            >
              <button
                className="MuiButtonBase-root-120 MediaGalleryItem-root-119"
                disabled={undefined}
                onBlur={[Function]}
                onClick={[Function]}
                onFocus={[Function]}
                onKeyDown={[Function]}
                onKeyUp={[Function]}
                onMouseDown={[Function]}
                onMouseLeave={[Function]}
                onMouseUp={[Function]}
                onTouchEnd={[Function]}
                onTouchMove={[Function]}
                onTouchStart={[Function]}
                tabIndex="0"
                type="button"
              >
                <div
                  className="Img-imgWrapper-113 "
                >
                  <img
                    alt=""
                    className="Img-img-115 Img-imgLoading-117 "
                    src="/resources/placeholder.gif"
                  />
                </div>
                <span
                  className="MuiTouchRipple-root-123"
                />
              </button>
            </div>
          </div>
        </div>
      </div>
    </div>
    <div
      className="inject-WithTracking-ProductDetail--with-routingStore-uiStore-section-1"
    >
      <section>
        <h2
          className="MuiTypography-root-132 MuiTypography-title-138 TagGrid-title-130"
        >
          Tags
        </h2>
        <div
          className="MuiGrid-container-3 MuiGrid-spacing-xs-8-25"
        >
          <div
            className="MuiGrid-item-4"
          >
            <a
              className=""
              href="/tag/shoes"
              onClick={[Function]}
              onKeyDown={[Function]}
              role="link"
              tabIndex={0}
            >
              <div
                className="MuiChip-root-157 TagGrid-chip-131"
                onClick={undefined}
                onKeyDown={[Function]}
                role="button"
                tabIndex={-1}
              >
                <span
                  className="MuiChip-label-170"
                >
                  Shoes
                </span>
              </div>
            </a>
          </div>
          <div
            className="MuiGrid-item-4"
          >
            <a
              className=""
              href="/tag/shop"
              onClick={[Function]}
              onKeyDown={[Function]}
              role="link"
              tabIndex={0}
            >
              <div
                className="MuiChip-root-157 TagGrid-chip-131"
                onClick={undefined}
                onKeyDown={[Function]}
                role="button"
                tabIndex={-1}
              >
                <span
                  className="MuiChip-label-170"
                >
                  Shop
                </span>
              </div>
            </a>
          </div>
        </div>
      </section>
    </div>
  </div>
  <div
    className="MuiGrid-item-4 MuiGrid-grid-xs-12-43 MuiGrid-grid-sm-6-51"
  >
    <div
      className="MuiGrid-item-4 MuiGrid-grid-sm-12-57"
    >
      <h1
        className="MuiTypography-root-132 MuiTypography-display2-135 MuiTypography-gutterBottom-149"
      >
        Reaction Sample Product
      </h1>
    </div>
    <div
      className="MuiGrid-item-4 MuiGrid-grid-sm-12-57"
    >
      <div
        className="MuiTypography-root-132 MuiTypography-title-138 MuiTypography-gutterBottom-149"
      >
        $12.99 - $19.99
      </div>
      <p
        className="MuiTypography-root-132 MuiTypography-body1-141"
      >
        Example Manufacturer
      </p>
      <p
        className="MuiTypography-root-132 MuiTypography-body1-141"
      >
        Sign in as administrator to edit.
You can clone this product from the product grid.
You can upload images click or drag in image box on the left here.
Tag this product below, and then add tag in navigation.
Click the bookmark in the tag to set product url.
Option variants, price, quantity, and child variants are created by clicking on the variant below, clone the variant to add more options.
Details can be added below the image for more specific product information.
 Login next to the cart, and then click the dashboard icon for more tools.
      </p>
    </div>
    <div
      className="VariantList-variantsContainer-174"
    >
      <div
        className="VariantList-variantItem-175"
      >
        <button
          className="MuiButtonBase-root-120 VariantItem-variantButton-177 VariantItem-activeVariant-178"
          disabled={undefined}
          onBlur={[Function]}
          onClick={[Function]}
          onFocus={[Function]}
          onKeyDown={[Function]}
          onKeyUp={[Function]}
          onMouseDown={[Function]}
          onMouseLeave={[Function]}
          onMouseUp={[Function]}
          onTouchEnd={[Function]}
          onTouchMove={[Function]}
          onTouchStart={[Function]}
          tabIndex="0"
          type="button"
        >
          <span
            className="MuiTypography-root-132 MuiTypography-body1-141"
          >
            Sample Variant
          </span>
          <span
            className="MuiTypography-root-132 MuiTypography-body1-141"
          >
            $12.99 - $19.99
          </span>
        </button>
        <div
          className="VariantList-alert-176"
        >
          <div
            className="BadgeOverlay-badgeOverlay-179 BadgeOverlay-faded-180"
          />
        </div>
      </div>
      <div
        className="VariantList-variantItem-175"
      >
        <button
          className="MuiButtonBase-root-120 VariantItem-variantButton-177"
          disabled={undefined}
          onBlur={[Function]}
          onClick={[Function]}
          onFocus={[Function]}
          onKeyDown={[Function]}
          onKeyUp={[Function]}
          onMouseDown={[Function]}
          onMouseLeave={[Function]}
          onMouseUp={[Function]}
          onTouchEnd={[Function]}
          onTouchMove={[Function]}
          onTouchStart={[Function]}
          tabIndex="0"
          type="button"
        >
          <span
            className="MuiTypography-root-132 MuiTypography-body1-141"
          >
            Sample Variant 2
          </span>
          <span
            className="MuiTypography-root-132 MuiTypography-body1-141"
          >
            $12.99 - $19.99
          </span>
        </button>
      </div>
      <div
        className="Divider-container-190"
      >
        <hr
          className="Divider-item-192"
        />
        <span
          className="MuiTypography-root-132 MuiTypography-body1-141 Divider-label-191"
        >
          Available Options
        </span>
        <hr
          className="Divider-item-192"
        />
      </div>
      <div
        className="MuiGrid-container-3 MuiGrid-spacing-xs-8-25 OptionsList-root-193"
      >
        <div
          className="MuiGrid-item-4"
        >
          <button
            className="MuiButtonBase-root-120 ProductDetailOption-optionButton-196"
            disabled={undefined}
            onBlur={[Function]}
            onClick={[Function]}
            onFocus={[Function]}
            onKeyDown={[Function]}
            onKeyUp={[Function]}
            onMouseDown={[Function]}
            onMouseLeave={[Function]}
            onMouseUp={[Function]}
            onTouchEnd={[Function]}
            onTouchMove={[Function]}
            onTouchStart={[Function]}
            tabIndex="0"
            type="button"
          >
            <span
              className="MuiTypography-root-132 MuiTypography-body1-141 ProductDetailOption-optionText-197"
            >
              Red
            </span>
          </button>
          <div
            className="OptionsList-alert-194"
          >
            <div
              className="BadgeOverlay-badgeOverlay-179"
            />
          </div>
        </div>
        <div
          className="MuiGrid-item-4"
        >
          <button
            className="MuiButtonBase-root-120 ProductDetailOption-optionButton-196"
            disabled={undefined}
            onBlur={[Function]}
            onClick={[Function]}
            onFocus={[Function]}
            onKeyDown={[Function]}
            onKeyUp={[Function]}
            onMouseDown={[Function]}
            onMouseLeave={[Function]}
            onMouseUp={[Function]}
            onTouchEnd={[Function]}
            onTouchMove={[Function]}
            onTouchStart={[Function]}
            tabIndex="0"
            type="button"
          >
            <span
              className="MuiTypography-root-132 MuiTypography-body1-141 ProductDetailOption-optionText-197"
            >
              Green
            </span>
          </button>
        </div>
      </div>
    </div>
    <div
      className="MuiGrid-container-3"
    >
      <div
        className="MuiGrid-item-4 MuiGrid-grid-xs-12-43 inject-ProductDetailAddToCart-with-uiStore-quantityGrid-203"
      >
        <div
          className="Divider-container-190"
        >
          <hr
            className="Divider-item-192"
          />
          <hr
            className="Divider-item-192"
          />
        </div>
        <span
          className="MuiTypography-root-132 MuiTypography-body1-141 inject-ProductDetailAddToCart-with-uiStore-quantityTypography-205"
        >
          Quantity
        </span>
        <div
          aria-describedby={undefined}
          className="MuiFormControl-root-206"
        >
          <div
            className="MuiInput-root-210 inject-ProductDetailAddToCart-with-uiStore-quantityContainer-202 MuiInput-formControl-211"
          >
            <div
              className="MuiInputAdornment-root-223"
            >
              <button
                className="MuiButtonBase-root-120 inject-ProductDetailAddToCart-with-uiStore-incrementButton-201"
                color="default"
                disabled={undefined}
                onBlur={[Function]}
                onClick={[Function]}
                onFocus={[Function]}
                onKeyDown={[Function]}
                onKeyUp={[Function]}
                onMouseDown={[Function]}
                onMouseLeave={[Function]}
                onMouseUp={[Function]}
                onTouchEnd={[Function]}
                onTouchMove={[Function]}
                onTouchStart={[Function]}
                tabIndex="0"
                type="button"
                variant="outlined"
              >
                <svg
                  aria-hidden="true"
                  className="MuiSvgIcon-root-103"
                  color={undefined}
                  focusable="false"
                  viewBox="0 0 24 24"
                >
                  <g>
                    <path
                      d="M19,13H5V11H19V13Z"
                    />
                  </g>
                </svg>
                <span
                  className="MuiTouchRipple-root-123"
                />
              </button>
            </div>
            <input
              aria-invalid={false}
              autoComplete={undefined}
              autoFocus={undefined}
              className="MuiInput-input-218 inject-ProductDetailAddToCart-with-uiStore-quantityInput-204"
              defaultValue={undefined}
              disabled={false}
              id="addToCartQuantityInput"
              name={undefined}
              onBlur={[Function]}
              onChange={[Function]}
              onFocus={[Function]}
              onKeyDown={undefined}
              onKeyUp={undefined}
              placeholder={undefined}
              readOnly={undefined}
              required={false}
              rows={undefined}
              type="text"
              value={1}
            />
            <div
              className="MuiInputAdornment-root-223"
            >
              <button
                className="MuiButtonBase-root-120 inject-ProductDetailAddToCart-with-uiStore-incrementButton-201"
                color="default"
                disabled={undefined}
                onBlur={[Function]}
                onClick={[Function]}
                onFocus={[Function]}
                onKeyDown={[Function]}
                onKeyUp={[Function]}
                onMouseDown={[Function]}
                onMouseLeave={[Function]}
                onMouseUp={[Function]}
                onTouchEnd={[Function]}
                onTouchMove={[Function]}
                onTouchStart={[Function]}
                tabIndex="0"
                type="button"
                variant="outlined"
              >
                <svg
                  aria-hidden="true"
                  className="MuiSvgIcon-root-103"
                  color={undefined}
                  focusable="false"
                  viewBox="0 0 24 24"
                >
                  <g>
                    <path
                      d="M19,13H13V19H11V13H5V11H11V5H13V11H19V13Z"
                    />
                  </g>
                </svg>
                <span
                  className="MuiTouchRipple-root-123"
                />
              </button>
            </div>
          </div>
        </div>
      </div>
      <div
        className="MuiGrid-item-4 MuiGrid-grid-xs-12-43"
      >
        <button
          className="MuiButtonBase-root-120 inject-ProductDetailAddToCart-with-uiStore-addToCartButton-199"
          disabled={undefined}
          onBlur={[Function]}
          onClick={[Function]}
          onFocus={[Function]}
          onKeyDown={[Function]}
          onKeyUp={[Function]}
          onMouseDown={[Function]}
          onMouseLeave={[Function]}
          onMouseUp={[Function]}
          onTouchEnd={[Function]}
          onTouchMove={[Function]}
          onTouchStart={[Function]}
          tabIndex="0"
          type="button"
        >
          <span
            className="MuiTypography-root-132 MuiTypography-body1-141 inject-ProductDetailAddToCart-with-uiStore-addToCartText-200"
          >
            Add to cart
          </span>
          <span
            className="MuiTouchRipple-root-123"
          />
        </button>
      </div>
    </div>
    <div
      className="HiddenCss-mdUp-241"
    >
      <div
        className="inject-CartPopover-with-uiStore-container-226 inject-CartPopover-with-uiStore-isContainerHidden-228"
      >
        <div
          className="MuiGrid-container-3 MuiGrid-spacing-xs-24-27 inject-CartPopover-with-uiStore-gridContainer-227"
        >
          <div
            className="MuiGrid-item-4 MuiGrid-grid-xs-12-43 inject-CartPopover-with-uiStore-containerItem-230"
          >
            <img
              alt="Item Title"
              className="inject-CartPopover-with-uiStore-addedToCartImg-231"
              src="//placehold.it/100"
            />
            <span
              className="MuiTypography-root-132 MuiTypography-body1-141 inject-CartPopover-with-uiStore-addedToCartText-233"
            >
              10
               "
              <span
                className="inject-CartPopover-with-uiStore-addedToCartItemName-232"
              >
                Item Title
              </span>
              " added to cart
            </span>
          </div>
          <div
            className="MuiGrid-item-4 MuiGrid-grid-xs-12-43"
          >
            <div
              className="Button__ButtonDiv-bnfrK eloVkm"
              onClick={[Function]}
              onKeyPress={[Function]}
              role="button"
              tabIndex={0}
              title={undefined}
            >
              <div>
                Checkout
              </div>
              <div
                className="Button__SpinnerWrap-bgOcuM cCKgPo"
                style={
                  Object {
                    "opacity": 0,
                    "paddingLeft": 0,
                    "width": 0,
                  }
                }
              />
            </div>
          </div>
        </div>
      </div>
    </div>
  </div>
</div>
`;
