// Jest Snapshot v1, https://goo.gl/fbAQLP

exports[`basic snapshot 1`] = `
<aside>
  <div
    className="MuiGrid-container-2 MuiGrid-spacing-xs-24-26"
  >
    <div
      className="MuiGrid-item-3 MuiGrid-grid-xs-12-42"
    >
      <div
        className="CartItems__Items-gEXRwN gdnVAG"
      >
        <div
          className="CartItem__Item-ghDCXl eLtdJ"
        >
          <a
            href="/product/product-slug"
          >
            <picture>
              
              <img
                alt=""
                src="//placehold.it/100"
                style={
                  Object {
                    "display": "block",
                  }
                }
              />
            </picture>
          </a>
          <div
            className="CartItem__ItemContent-fAfWVu jHThUb"
          >
            <div
              className="CartItem__ItemContentDetail-huMIJe gVwWKq"
            >
              <div
                className="CartItem__ItemContentDetailInner-eKJgRu cjjvqv"
              >
                <div
                  className="CartItem__ItemContentDetailInfo-kmZYEG epAHLA"
                >
                  <div
                    className="CartItemDetail__Detail-xugoC eIVIgm"
                  >
                    <h3
                      className="CartItemDetail__Title-iDNyNA jPRxvh"
                    >
                      <a
                        href="/product/product-slug"
                      >
                        A Great Product
                      </a>
                    </h3>
                    <div
                      className="CartItemDetail__Attributes-Jfttp hUUYFd"
                    >
                      <p
                        className="CartItemDetail__Text-iQjjVf gWrGJn"
                      >
                        Patagonia
                      </p>
                      <p
                        className="CartItemDetail__Attr-cEjNLZ dOgSko"
                      >
                        Red, Medium
                      </p>
                      <p
                        className="CartItemDetail__Text-iQjjVf gWrGJn"
                      >
                        Quantity: 
                        2
                      </p>
                    </div>
                  </div>
                  <div
                    className="StockWarning__Span-niCBr iBoETt"
                  >
                    Only 
                    3
                     in stock
                  </div>
                </div>
              </div>
            </div>
            <div
              className="CartItem__ItemContentPrice-lcfJQP eaPRuH"
            >
              <div>
                
                <del
                  className="Price__Del-bTXnTw eohoLr"
                >
                  $45.00
                </del>
                <div
                  className="Price__PriceDiv-isQcjX grwfvo"
                >
                  $20.00
                </div>
              </div>
            </div>
          </div>
        </div>
        <div
          className="CartItem__Item-ghDCXl eLtdJ"
        >
          <a
            href="/product/product-slug"
          >
            <picture>
              
              <img
                alt=""
                src="//placehold.it/100"
                style={
                  Object {
                    "display": "block",
                  }
                }
              />
            </picture>
          </a>
          <div
            className="CartItem__ItemContent-fAfWVu jHThUb"
          >
            <div
              className="CartItem__ItemContentDetail-huMIJe gVwWKq"
            >
              <div
                className="CartItem__ItemContentDetailInner-eKJgRu cjjvqv"
              >
                <div
                  className="CartItem__ItemContentDetailInfo-kmZYEG epAHLA"
                >
                  <div
                    className="CartItemDetail__Detail-xugoC eIVIgm"
                  >
                    <h3
                      className="CartItemDetail__Title-iDNyNA jPRxvh"
                    >
                      <a
                        href="/product/product-slug"
                      >
                        Another Great Product
                      </a>
                    </h3>
                    <div
                      className="CartItemDetail__Attributes-Jfttp hUUYFd"
                    >
                      <p
                        className="CartItemDetail__Text-iQjjVf gWrGJn"
                      >
                        Nike
                      </p>
                      <p
                        className="CartItemDetail__Attr-cEjNLZ dOgSko"
                      >
                        Black, 10
                      </p>
                      <p
                        className="CartItemDetail__Text-iQjjVf gWrGJn"
                      >
                        Quantity: 
                        1
                      </p>
                    </div>
                  </div>
                </div>
              </div>
            </div>
            <div
              className="CartItem__ItemContentPrice-lcfJQP eaPRuH"
            >
              <div>
                
                <div
                  className="Price__PriceDiv-isQcjX grwfvo"
                >
                  $78.00
                </div>
              </div>
            </div>
          </div>
        </div>
      </div>
    </div>
    <div
      className="MuiGrid-item-3 MuiGrid-grid-xs-12-42 SkCheckoutSummary-summary-1"
    >
      <table
        className="CartSummary__Table-cWcArh fwcTAZ"
      >
        <tbody>
          <tr>
            <td
              className="CartSummary__Td-jXBgKC cQDyIG"
            >
              Item total
            </td>
            <td
              className="CartSummary__Td-boDvWU iWLpfS"
            >
              $118
            </td>
          </tr>
          <tr>
            <td
              className="CartSummary__Td-jXBgKC cQDyIG"
            >
              Shipping
            </td>
            <td
              className="CartSummary__Td-boDvWU iWLpfS"
            />
          </tr>
          <tr>
            <td
              className="CartSummary__Td-jXBgKC cQDyIG"
            >
              Tax
            </td>
            <td
              className="CartSummary__Td-boDvWU iWLpfS"
            >
              -
            </td>
          </tr>
          <tr>
            <td
              className="CartSummary__Td-jXBgKC fZowP"
            >
              Order total
            </td>
            <td
              className="CartSummary__Td-boDvWU icmwHp"
            >
              <span
                className="CartSummary__Total-BZUQP gdTqMz"
              >
                $118
              </span>
            </td>
          </tr>
        </tbody>
      </table>
    </div>
  </div>
</aside>
`;
